------------ The hdd number count is 12 ------------
------------ This hdd is sda ------------
Device Model:     SAMSUNG MZ7LH480HAHQ-00005
Serial Number:    S45PNA0N211742
User Capacity:    480,103,981,056 bytes [480 GB]
------------ This hdd is ok next coming ------------
------------ This hdd is sdb ------------
Device Model:     SAMSUNG MZ7LH480HAHQ-00005
Serial Number:    S45PNA0N363195
User Capacity:    480,103,981,056 bytes [480 GB]
------------ This hdd is ok next coming ------------
------------ This hdd is sdc ------------
Device Model:     ST12000NM001G-2MV103
Serial Number:    ZTN0KL5D
User Capacity:    12,000,138,625,024 bytes [12.0 TB]
------------ This hdd is ok next coming ------------
------------ This hdd is sdd ------------
Device Model:     ST12000NM001G-2MV103
Serial Number:    ZS806NBZ
User Capacity:    12,000,138,625,024 bytes [12.0 TB]
------------ This hdd is ok next coming ------------
------------ This hdd is sde ------------
Device Model:     ST12000NM001G-2MV103
Serial Number:    ZTN0KMWR
User Capacity:    12,000,138,625,024 bytes [12.0 TB]
------------ This hdd is ok next coming ------------
------------ This hdd is sdf ------------
Device Model:     ST12000NM001G-2MV103
Serial Number:    ZTN0KMTM
User Capacity:    12,000,138,625,024 bytes [12.0 TB]
------------ This hdd is ok next coming ------------
------------ This hdd is sdg ------------
Device Model:     ST12000NM001G-2MV103
Serial Number:    ZTN0L18V
User Capacity:    12,000,138,625,024 bytes [12.0 TB]
------------ This hdd is ok next coming ------------
------------ This hdd is sdh ------------
Device Model:     ST12000NM001G-2MV103
Serial Number:    ZTN0KL2R
User Capacity:    12,000,138,625,024 bytes [12.0 TB]
------------ This hdd is ok next coming ------------
------------ This hdd is sdi ------------
Device Model:     ST12000NM001G-2MV103
Serial Number:    ZTN0KKY5
User Capacity:    12,000,138,625,024 bytes [12.0 TB]
------------ This hdd is ok next coming ------------
------------ This hdd is sdj ------------
Device Model:     ST12000NM001G-2MV103
Serial Number:    ZTN0KKXA
User Capacity:    12,000,138,625,024 bytes [12.0 TB]
------------ This hdd is ok next coming ------------
------------ This hdd is sdk ------------
Device Model:     ST12000NM001G-2MV103
Serial Number:    ZS806MAJ
User Capacity:    12,000,138,625,024 bytes [12.0 TB]
------------ This hdd is ok next coming ------------
------------ This hdd is sdl ------------
Device Model:     ST12000NM001G-2MV103
Serial Number:    ZTN0KPD5
User Capacity:    12,000,138,625,024 bytes [12.0 TB]
------------ This hdd is ok next coming ------------
