------------ The cpu physical number have 2 ------------
------------ cpu info come ------------
	Socket Designation: CPU0
	Manufacturer: Intel(R) Corporation
	Version: Intel(R) Xeon(R) Silver 4210 CPU @ 2.20GHz
	Current Speed: 2200 MHz
The cpu core number is 	Core Count: 10
	Thread Count: 20
------------ The cpu is ok next is coming ------------
	Socket Designation: CPU1
	Manufacturer: Intel(R) Corporation
	Version: Intel(R) Xeon(R) Silver 4210 CPU @ 2.20GHz
	Current Speed: 2200 MHz
The cpu core number is 	Core Count: 10
	Thread Count: 20
------------ The cpu is ok next is coming ------------
------------ The hdd number count is 12 ------------
------------ This hdd is sda ------------
Device Model:     SAMSUNG MZ7LH480HAHQ-00005
Serial Number:    S45PNA0N211742
User Capacity:    480,103,981,056 bytes [480 GB]
------------ This hdd is ok next coming ------------
------------ This hdd is sdb ------------
Device Model:     SAMSUNG MZ7LH480HAHQ-00005
Serial Number:    S45PNA0N363195
User Capacity:    480,103,981,056 bytes [480 GB]
------------ This hdd is ok next coming ------------
------------ This hdd is sdc ------------
Device Model:     ST12000NM001G-2MV103
Serial Number:    ZTN0KL5D
User Capacity:    12,000,138,625,024 bytes [12.0 TB]
------------ This hdd is ok next coming ------------
------------ This hdd is sdd ------------
Device Model:     ST12000NM001G-2MV103
Serial Number:    ZS806NBZ
User Capacity:    12,000,138,625,024 bytes [12.0 TB]
------------ This hdd is ok next coming ------------
------------ This hdd is sde ------------
Device Model:     ST12000NM001G-2MV103
Serial Number:    ZTN0KMWR
User Capacity:    12,000,138,625,024 bytes [12.0 TB]
------------ This hdd is ok next coming ------------
------------ This hdd is sdf ------------
Device Model:     ST12000NM001G-2MV103


------------ This hdd is ok next coming ------------
------------ The hdd number count is 1 ------------
------------ This hdd is sda ------------
------------ The network number is 3 ------------
Device Model:     SAMSUNG MZ7LH480HAHQ-00005
Serial Number:    S45PNA0N211742
User Capacity:    480,103,981,056 bytes [480 GB]
------------ This hdd is ok next coming ------------
       logical name: enp24s0f0
['MT27710 Family [ConnectX-4 Lx]']
Mellanox Technologies
['10Gbit/s']
------------ next one -------------
       logical name: enp24s0f1
['MT27710 Family [ConnectX-4 Lx]']
Mellanox Technologies
['10Gbit/s']
------------ next one -------------
       logical name: enp59s0f0
['MT27710 Family [ConnectX-4 Lx]']
Mellanox Technologies
['10Gbit/s']
------------ next one -------------
       logical name: enp59s0f1
['MT27710 Family [ConnectX-4 Lx]']
Mellanox Technologies
['10Gbit/s']
------------ next one -------------
       logical name: enp62s0f2
['Ethernet Connection X722 for 1GbE']
Intel Corporation
['1Gbit/s']
------------ next one -------------
       logical name: enp62s0f3
['Ethernet Connection X722 for 1GbE']
Intel Corporation
------------ next one -------------
------------ The hdd number count is 5 ------------
------------ This hdd is sda ------------
Device Model:     SAMSUNG MZ7LH480HAHQ-00005
Serial Number:    S45PNA0N211742
User Capacity:    480,103,981,056 bytes [480 GB]
------------ This hdd is ok next coming ------------
------------ This hdd is sdb ------------
Device Model:     SAMSUNG MZ7LH480HAHQ-00005
Serial Number:    S45PNA0N363195
User Capacity:    480,103,981,056 bytes [480 GB]
------------ This hdd is ok next coming ------------
------------ This hdd is sdc ------------
Device Model:     ST12000NM001G-2MV103
Serial Number:    ZTN0KL5D
User Capacity:    12,000,138,625,024 bytes [12.0 TB]
------------ This hdd is ok next coming ------------
------------ This hdd is sdd ------------
Device Model:     ST12000NM001G-2MV103
Serial Number:    ZS806NBZ
User Capacity:    12,000,138,625,024 bytes [12.0 TB]
------------ This hdd is ok next coming ------------
------------ This hdd is sde ------------
Device Model:     ST12000NM001G-2MV103
Serial Number:    ZTN0KMWR
User Capacity:    12,000,138,625,024 bytes [12.0 TB]
------------ This hdd is ok next coming ------------
------------ The hdd number count is 12 ------------
------------ This hdd is sda ------------
Device Model:     SAMSUNG MZ7LH480HAHQ-00005
Serial Number:    S45PNA0N211742
------------ The hdd number count is 12 ------------
------------ This hdd is sda ------------
------------ The hdd number count is 12 ------------
------------ This hdd is sda ------------
------------ The hdd number count is 12 ------------
------------ This hdd is sda ------------
------------ The hdd number count is 12 ------------
------------ This hdd is sda ------------
User Capacity:    480,103,981,056 bytes [480 GB]
------------ This hdd is ok next coming ------------
------------ This hdd is sdb ------------
Device Model:     SAMSUNG MZ7LH480HAHQ-00005
Device Model:     SAMSUNG MZ7LH480HAHQ-00005
Device Model:     SAMSUNG MZ7LH480HAHQ-00005
Device Model:     SAMSUNG MZ7LH480HAHQ-00005
Device Model:     SAMSUNG MZ7LH480HAHQ-00005
Serial Number:    S45PNA0N211742
Serial Number:    S45PNA0N211742
Serial Number:    S45PNA0N211742
Serial Number:    S45PNA0N211742
Serial Number:    S45PNA0N363195
User Capacity:    480,103,981,056 bytes [480 GB]
------------ This hdd is ok next coming ------------
------------ This hdd is sdb ------------
User Capacity:    480,103,981,056 bytes [480 GB]
------------ This hdd is ok next coming ------------
------------ This hdd is sdb ------------
User Capacity:    480,103,981,056 bytes [480 GB]
------------ This hdd is ok next coming ------------
------------ This hdd is sdb ------------
User Capacity:    480,103,981,056 bytes [480 GB]
------------ This hdd is ok next coming ------------
------------ This hdd is sdb ------------
User Capacity:    480,103,981,056 bytes [480 GB]
------------ This hdd is ok next coming ------------
------------ This hdd is sdc ------------
Device Model:     SAMSUNG MZ7LH480HAHQ-00005
Device Model:     SAMSUNG MZ7LH480HAHQ-00005
Device Model:     SAMSUNG MZ7LH480HAHQ-00005
Device Model:     SAMSUNG MZ7LH480HAHQ-00005
Serial Number:    S45PNA0N363195
Serial Number:    S45PNA0N363195
Serial Number:    S45PNA0N363195
Serial Number:    S45PNA0N363195
User Capacity:    480,103,981,056 bytes [480 GB]
User Capacity:    480,103,981,056 bytes [480 GB]
------------ This hdd is ok next coming ------------
------------ This hdd is ok next coming ------------
------------ This hdd is sdc ------------
------------ This hdd is sdc ------------
User Capacity:    480,103,981,056 bytes [480 GB]
------------ This hdd is ok next coming ------------
------------ This hdd is sdc ------------
User Capacity:    480,103,981,056 bytes [480 GB]
------------ This hdd is ok next coming ------------
------------ This hdd is sdc ------------
Device Model:     ST12000NM001G-2MV103
Device Model:     ST12000NM001G-2MV103
Device Model:     ST12000NM001G-2MV103
Device Model:     ST12000NM001G-2MV103
Device Model:     ST12000NM001G-2MV103
Serial Number:    ZTN0KL5D
Serial Number:    ZTN0KL5D
Serial Number:    ZTN0KL5D
Serial Number:    ZTN0KL5D
Serial Number:    ZTN0KL5D
User Capacity:    12,000,138,625,024 bytes [12.0 TB]
------------ This hdd is ok next coming ------------
------------ This hdd is sdd ------------
User Capacity:    12,000,138,625,024 bytes [12.0 TB]
------------ This hdd is ok next coming ------------
------------ This hdd is sdd ------------
User Capacity:    12,000,138,625,024 bytes [12.0 TB]
User Capacity:    12,000,138,625,024 bytes [12.0 TB]
------------ This hdd is ok next coming ------------
------------ This hdd is ok next coming ------------
------------ This hdd is sdd ------------
------------ This hdd is sdd ------------
User Capacity:    12,000,138,625,024 bytes [12.0 TB]
Device Model:     ST12000NM001G-2MV103
------------ This hdd is ok next coming ------------
------------ This hdd is sdd ------------
Device Model:     ST12000NM001G-2MV103
Device Model:     ST12000NM001G-2MV103
Device Model:     ST12000NM001G-2MV103
Device Model:     ST12000NM001G-2MV103
Serial Number:    ZS806NBZ
Serial Number:    ZS806NBZ
Serial Number:    ZS806NBZ
Serial Number:    ZS806NBZ
User Capacity:    12,000,138,625,024 bytes [12.0 TB]
Serial Number:    ZS806NBZ
------------ This hdd is ok next coming ------------
------------ This hdd is sde ------------
User Capacity:    12,000,138,625,024 bytes [12.0 TB]
------------ This hdd is ok next coming ------------
------------ This hdd is sde ------------
User Capacity:    12,000,138,625,024 bytes [12.0 TB]
------------ This hdd is ok next coming ------------
------------ This hdd is sde ------------
User Capacity:    12,000,138,625,024 bytes [12.0 TB]
------------ This hdd is ok next coming ------------
------------ This hdd is sde ------------
Device Model:     ST12000NM001G-2MV103
Device Model:     ST12000NM001G-2MV103
User Capacity:    12,000,138,625,024 bytes [12.0 TB]
------------ This hdd is ok next coming ------------
------------ This hdd is sde ------------
Device Model:     ST12000NM001G-2MV103
Device Model:     ST12000NM001G-2MV103
Serial Number:    ZTN0KMWR
Serial Number:    ZTN0KMWR
Device Model:     ST12000NM001G-2MV103
Serial Number:    ZTN0KMWR
Serial Number:    ZTN0KMWR
User Capacity:    12,000,138,625,024 bytes [12.0 TB]
------------ This hdd is ok next coming ------------
------------ This hdd is sdf ------------
User Capacity:    12,000,138,625,024 bytes [12.0 TB]
------------ This hdd is ok next coming ------------
------------ This hdd is sdf ------------
Serial Number:    ZTN0KMWR
User Capacity:    12,000,138,625,024 bytes [12.0 TB]
------------ This hdd is ok next coming ------------
------------ This hdd is sdf ------------
User Capacity:    12,000,138,625,024 bytes [12.0 TB]
------------ This hdd is ok next coming ------------
------------ This hdd is sdf ------------
Device Model:     ST12000NM001G-2MV103
Device Model:     ST12000NM001G-2MV103
User Capacity:    12,000,138,625,024 bytes [12.0 TB]
Device Model:     ST12000NM001G-2MV103
------------ This hdd is ok next coming ------------
------------ This hdd is sdf ------------
Device Model:     ST12000NM001G-2MV103
Serial Number:    ZTN0KMTM
Serial Number:    ZTN0KMTM
Serial Number:    ZTN0KMTM
Device Model:     ST12000NM001G-2MV103
Serial Number:    ZTN0KMTM
User Capacity:    12,000,138,625,024 bytes [12.0 TB]
User Capacity:    12,000,138,625,024 bytes [12.0 TB]
------------ This hdd is ok next coming ------------
User Capacity:    12,000,138,625,024 bytes [12.0 TB]
------------ This hdd is ok next coming ------------
------------ This hdd is sdg ------------
------------ This hdd is ok next coming ------------
------------ This hdd is sdg ------------
------------ This hdd is sdg ------------
Serial Number:    ZTN0KMTM
User Capacity:    12,000,138,625,024 bytes [12.0 TB]
Device Model:     ST12000NM001G-2MV103
------------ This hdd is ok next coming ------------
------------ This hdd is sdg ------------
Device Model:     ST12000NM001G-2MV103
User Capacity:    12,000,138,625,024 bytes [12.0 TB]
Device Model:     ST12000NM001G-2MV103
------------ This hdd is ok next coming ------------
------------ This hdd is sdg ------------
Serial Number:    ZTN0L18V
Device Model:     ST12000NM001G-2MV103
Serial Number:    ZTN0L18V
Serial Number:    ZTN0L18V
Device Model:     ST12000NM001G-2MV103
User Capacity:    12,000,138,625,024 bytes [12.0 TB]
------------ This hdd is ok next coming ------------
------------ This hdd is sdh ------------
Serial Number:    ZTN0L18V
User Capacity:    12,000,138,625,024 bytes [12.0 TB]
------------ This hdd is ok next coming ------------
------------ This hdd is sdh ------------
Device Model:     ST12000NM001G-2MV103
User Capacity:    12,000,138,625,024 bytes [12.0 TB]
------------ This hdd is ok next coming ------------
------------ This hdd is sdh ------------
Serial Number:    ZTN0L18V
User Capacity:    12,000,138,625,024 bytes [12.0 TB]
------------ This hdd is ok next coming ------------
------------ This hdd is sdh ------------
Device Model:     ST12000NM001G-2MV103
Serial Number:    ZTN0KL2R
User Capacity:    12,000,138,625,024 bytes [12.0 TB]
------------ This hdd is ok next coming ------------
------------ This hdd is sdh ------------
Device Model:     ST12000NM001G-2MV103
Device Model:     ST12000NM001G-2MV103
Serial Number:    ZTN0KL2R
User Capacity:    12,000,138,625,024 bytes [12.0 TB]
------------ This hdd is ok next coming ------------
------------ This hdd is sdi ------------
Device Model:     ST12000NM001G-2MV103
Serial Number:    ZTN0KL2R
Serial Number:    ZTN0KL2R
User Capacity:    12,000,138,625,024 bytes [12.0 TB]
------------ This hdd is ok next coming ------------
------------ This hdd is sdi ------------
Device Model:     ST12000NM001G-2MV103
Serial Number:    ZTN0KL2R
User Capacity:    12,000,138,625,024 bytes [12.0 TB]
User Capacity:    12,000,138,625,024 bytes [12.0 TB]
------------ This hdd is ok next coming ------------
------------ This hdd is ok next coming ------------
------------ This hdd is sdi ------------
------------ This hdd is sdi ------------
Device Model:     ST12000NM001G-2MV103
Serial Number:    ZTN0KKY5
User Capacity:    12,000,138,625,024 bytes [12.0 TB]
------------ This hdd is ok next coming ------------
------------ This hdd is sdi ------------
Device Model:     ST12000NM001G-2MV103
Device Model:     ST12000NM001G-2MV103
Serial Number:    ZTN0KKY5
Device Model:     ST12000NM001G-2MV103
Serial Number:    ZTN0KKY5
User Capacity:    12,000,138,625,024 bytes [12.0 TB]
------------ This hdd is ok next coming ------------
------------ This hdd is sdj ------------
Serial Number:    ZTN0KKY5
------------ The hdd number count is 12 ------------
------------ This hdd is sda ------------
Device Model:     ST12000NM001G-2MV103
User Capacity:    12,000,138,625,024 bytes [12.0 TB]
------------ This hdd is ok next coming ------------
------------ This hdd is sdj ------------
Serial Number:    ZTN0KKY5
User Capacity:    12,000,138,625,024 bytes [12.0 TB]
------------ This hdd is ok next coming ------------
Device Model:     SAMSUNG MZ7LH480HAHQ-00005
------------ This hdd is sdj ------------
User Capacity:    12,000,138,625,024 bytes [12.0 TB]
------------ This hdd is ok next coming ------------
------------ This hdd is sdj ------------
Serial Number:    ZTN0KKXA
Device Model:     ST12000NM001G-2MV103
Serial Number:    S45PNA0N211742
Device Model:     ST12000NM001G-2MV103
Device Model:     ST12000NM001G-2MV103
User Capacity:    480,103,981,056 bytes [480 GB]
------------ This hdd is ok next coming ------------
------------ This hdd is sdb ------------
User Capacity:    12,000,138,625,024 bytes [12.0 TB]
User Capacity:    12,000,138,625,024 bytes [12.0 TB]
------------ This hdd is ok next coming ------------
------------ This hdd is ok next coming ------------
------------ This hdd is sdj ------------
------------ This hdd is sdk ------------
Device Model:     SAMSUNG MZ7LH480HAHQ-00005
Serial Number:    ZTN0KKXA
Serial Number:    ZTN0KKXA
Serial Number:    S45PNA0N363195
Serial Number:    ZTN0KKXA
Device Model:     ST12000NM001G-2MV103
Device Model:     ST12000NM001G-2MV103
User Capacity:    480,103,981,056 bytes [480 GB]
User Capacity:    12,000,138,625,024 bytes [12.0 TB]
------------ This hdd is ok next coming ------------
------------ This hdd is ok next coming ------------
------------ This hdd is sdc ------------
------------ This hdd is sdk ------------
User Capacity:    12,000,138,625,024 bytes [12.0 TB]
------------ This hdd is ok next coming ------------
------------ This hdd is sdk ------------
Serial Number:    ZS806MAJ
User Capacity:    12,000,138,625,024 bytes [12.0 TB]
------------ This hdd is ok next coming ------------
------------ This hdd is sdk ------------
Device Model:     ST12000NM001G-2MV103
Serial Number:    ZTN0KKXA
Device Model:     ST12000NM001G-2MV103
Device Model:     ST12000NM001G-2MV103
User Capacity:    12,000,138,625,024 bytes [12.0 TB]
------------ This hdd is ok next coming ------------
------------ This hdd is sdl ------------
Device Model:     ST12000NM001G-2MV103
Serial Number:    ZS806MAJ
User Capacity:    12,000,138,625,024 bytes [12.0 TB]
------------ This hdd is ok next coming ------------
------------ This hdd is sdk ------------
Serial Number:    ZTN0KL5D
Serial Number:    ZS806MAJ
Serial Number:    ZS806MAJ
Device Model:     ST12000NM001G-2MV103
User Capacity:    12,000,138,625,024 bytes [12.0 TB]
------------ This hdd is ok next coming ------------
------------ This hdd is sdl ------------
Device Model:     ST12000NM001G-2MV103
User Capacity:    12,000,138,625,024 bytes [12.0 TB]
User Capacity:    12,000,138,625,024 bytes [12.0 TB]
------------ This hdd is ok next coming ------------
------------ This hdd is ok next coming ------------
------------ This hdd is sdl ------------
------------ This hdd is sdd ------------
User Capacity:    12,000,138,625,024 bytes [12.0 TB]
------------ This hdd is ok next coming ------------
Serial Number:    ZTN0KPD5
------------ This hdd is sdl ------------
Serial Number:    ZS806MAJ
Device Model:     ST12000NM001G-2MV103
Device Model:     ST12000NM001G-2MV103
Device Model:     ST12000NM001G-2MV103
Device Model:     ST12000NM001G-2MV103
User Capacity:    12,000,138,625,024 bytes [12.0 TB]
------------ This hdd is ok next coming ------------
User Capacity:    12,000,138,625,024 bytes [12.0 TB]
Serial Number:    ZTN0KPD5
------------ This hdd is ok next coming ------------
------------ This hdd is sdl ------------
Serial Number:    ZS806NBZ
Serial Number:    ZTN0KPD5
Serial Number:    ZTN0KPD5
Device Model:     ST12000NM001G-2MV103
User Capacity:    12,000,138,625,024 bytes [12.0 TB]
------------ This hdd is ok next coming ------------
User Capacity:    12,000,138,625,024 bytes [12.0 TB]
User Capacity:    12,000,138,625,024 bytes [12.0 TB]
------------ This hdd is ok next coming ------------
------------ This hdd is ok next coming ------------
------------ This hdd is sde ------------
User Capacity:    12,000,138,625,024 bytes [12.0 TB]
------------ This hdd is ok next coming ------------
Serial Number:    ZTN0KPD5
Device Model:     ST12000NM001G-2MV103
User Capacity:    12,000,138,625,024 bytes [12.0 TB]
------------ This hdd is ok next coming ------------
Serial Number:    ZTN0KMWR
User Capacity:    12,000,138,625,024 bytes [12.0 TB]
------------ This hdd is ok next coming ------------
------------ This hdd is sdf ------------
Device Model:     ST12000NM001G-2MV103
Serial Number:    ZTN0KMTM
User Capacity:    12,000,138,625,024 bytes [12.0 TB]
------------ This hdd is ok next coming ------------
------------ This hdd is sdg ------------
Device Model:     ST12000NM001G-2MV103
Serial Number:    ZTN0L18V
User Capacity:    12,000,138,625,024 bytes [12.0 TB]
------------ This hdd is ok next coming ------------
------------ This hdd is sdh ------------
Device Model:     ST12000NM001G-2MV103
Serial Number:    ZTN0KL2R
User Capacity:    12,000,138,625,024 bytes [12.0 TB]
------------ This hdd is ok next coming ------------
------------ This hdd is sdi ------------
Device Model:     ST12000NM001G-2MV103
Serial Number:    ZTN0KKY5
User Capacity:    12,000,138,625,024 bytes [12.0 TB]
------------ This hdd is ok next coming ------------
------------ This hdd is sdj ------------
Device Model:     ST12000NM001G-2MV103
Serial Number:    ZTN0KKXA
User Capacity:    12,000,138,625,024 bytes [12.0 TB]
------------ This hdd is ok next coming ------------
------------ This hdd is sdk ------------
Device Model:     ST12000NM001G-2MV103
Serial Number:    ZS806MAJ
User Capacity:    12,000,138,625,024 bytes [12.0 TB]
------------ This hdd is ok next coming ------------
------------ This hdd is sdl ------------
Device Model:     ST12000NM001G-2MV103
Serial Number:    ZTN0KPD5
User Capacity:    12,000,138,625,024 bytes [12.0 TB]
------------ This hdd is ok next coming ------------
------------ The cpu physical number have 2 ------------
------------ cpu info come ------------
	Socket Designation: CPU0
	Manufacturer: Intel(R) Corporation
	Version: Intel(R) Xeon(R) Silver 4210 CPU @ 2.20GHz
	Current Speed: 2200 MHz
The cpu core number is 	Core Count: 10
	Thread Count: 20
------------ The cpu is ok next is coming ------------
	Socket Designation: CPU1
	Manufacturer: Intel(R) Corporation
	Version: Intel(R) Xeon(R) Silver 4210 CPU @ 2.20GHz
	Current Speed: 2200 MHz
The cpu core number is 	Core Count: 10
	Thread Count: 20
------------ The cpu is ok next is coming ------------
------------ The hdd number count is 12 ------------
------------ This hdd is sda ------------
Device Model:     SAMSUNG MZ7LH480HAHQ-00005
Serial Number:    S45PNA0N211742
User Capacity:    480,103,981,056 bytes [480 GB]
------------ This hdd is ok next coming ------------
------------ This hdd is sdb ------------
Device Model:     SAMSUNG MZ7LH480HAHQ-00005
Serial Number:    S45PNA0N363195
User Capacity:    480,103,981,056 bytes [480 GB]
------------ This hdd is ok next coming ------------
------------ This hdd is sdc ------------
Device Model:     ST12000NM001G-2MV103
Serial Number:    ZTN0KL5D
User Capacity:    12,000,138,625,024 bytes [12.0 TB]
------------ This hdd is ok next coming ------------
------------ This hdd is sdd ------------
Device Model:     ST12000NM001G-2MV103
Serial Number:    ZS806NBZ
User Capacity:    12,000,138,625,024 bytes [12.0 TB]
------------ This hdd is ok next coming ------------
------------ This hdd is sde ------------
Device Model:     ST12000NM001G-2MV103
Serial Number:    ZTN0KMWR
User Capacity:    12,000,138,625,024 bytes [12.0 TB]
------------ This hdd is ok next coming ------------
------------ This hdd is sdf ------------
Device Model:     ST12000NM001G-2MV103
Serial Number:    ZTN0KMTM
User Capacity:    12,000,138,625,024 bytes [12.0 TB]
------------ This hdd is ok next coming ------------
------------ This hdd is sdg ------------
Device Model:     ST12000NM001G-2MV103
Serial Number:    ZTN0L18V
User Capacity:    12,000,138,625,024 bytes [12.0 TB]
------------ This hdd is ok next coming ------------
------------ This hdd is sdh ------------
Device Model:     ST12000NM001G-2MV103
Serial Number:    ZTN0KL2R
User Capacity:    12,000,138,625,024 bytes [12.0 TB]
------------ This hdd is ok next coming ------------
------------ This hdd is sdi ------------
Device Model:     ST12000NM001G-2MV103
Serial Number:    ZTN0KKY5
User Capacity:    12,000,138,625,024 bytes [12.0 TB]
------------ This hdd is ok next coming ------------
------------ This hdd is sdj ------------
Device Model:     ST12000NM001G-2MV103
Serial Number:    ZTN0KKXA
User Capacity:    12,000,138,625,024 bytes [12.0 TB]
------------ This hdd is ok next coming ------------
------------ This hdd is sdk ------------
Device Model:     ST12000NM001G-2MV103
Serial Number:    ZS806MAJ
User Capacity:    12,000,138,625,024 bytes [12.0 TB]
------------ This hdd is ok next coming ------------
------------ This hdd is sdl ------------
Device Model:     ST12000NM001G-2MV103
Serial Number:    ZTN0KPD5
User Capacity:    12,000,138,625,024 bytes [12.0 TB]
------------ This hdd is ok next coming ------------
------------ The network number is 3 ------------
       logical name: enp24s0f0
['MT27710 Family [ConnectX-4 Lx]']
Mellanox Technologies
['10Gbit/s']
------------ next one -------------
       logical name: enp24s0f1
['MT27710 Family [ConnectX-4 Lx]']
Mellanox Technologies
['10Gbit/s']
------------ next one -------------
       logical name: enp59s0f0
['MT27710 Family [ConnectX-4 Lx]']
Mellanox Technologies
['10Gbit/s']
------------ next one -------------
       logical name: enp59s0f1
['MT27710 Family [ConnectX-4 Lx]']
Mellanox Technologies
['10Gbit/s']
------------ next one -------------
       logical name: enp62s0f2
['Ethernet Connection X722 for 1GbE']
Intel Corporation
['1Gbit/s']
------------ next one -------------
       logical name: enp62s0f3
['Ethernet Connection X722 for 1GbE']
Intel Corporation
------------ next one -------------
------------ The cpu physical number have 2 ------------
------------ cpu info come ------------
	Socket Designation: CPU0
	Manufacturer: Intel(R) Corporation
	Version: Intel(R) Xeon(R) Silver 4210 CPU @ 2.20GHz
	Current Speed: 2200 MHz
The cpu core number is 	Core Count: 10
	Thread Count: 20
------------ The cpu is ok next is coming ------------
	Socket Designation: CPU1
	Manufacturer: Intel(R) Corporation
	Version: Intel(R) Xeon(R) Silver 4210 CPU @ 2.20GHz
	Current Speed: 2200 MHz
The cpu core number is 	Core Count: 10
	Thread Count: 20
------------ The cpu is ok next is coming ------------
------------ The hdd number count is 12 ------------
------------ This hdd is sda ------------
Device Model:     SAMSUNG MZ7LH480HAHQ-00005
Serial Number:    S45PNA0N211742
User Capacity:    480,103,981,056 bytes [480 GB]
------------ This hdd is ok next coming ------------
------------ This hdd is sdb ------------
Device Model:     SAMSUNG MZ7LH480HAHQ-00005
Serial Number:    S45PNA0N363195
User Capacity:    480,103,981,056 bytes [480 GB]
------------ This hdd is ok next coming ------------
------------ This hdd is sdc ------------
Device Model:     ST12000NM001G-2MV103
Serial Number:    ZTN0KL5D
User Capacity:    12,000,138,625,024 bytes [12.0 TB]
------------ This hdd is ok next coming ------------
------------ This hdd is sdd ------------
Device Model:     ST12000NM001G-2MV103
Serial Number:    ZS806NBZ
User Capacity:    12,000,138,625,024 bytes [12.0 TB]
------------ This hdd is ok next coming ------------
------------ This hdd is sde ------------
Device Model:     ST12000NM001G-2MV103
Serial Number:    ZTN0KMWR
User Capacity:    12,000,138,625,024 bytes [12.0 TB]
------------ This hdd is ok next coming ------------
------------ This hdd is sdf ------------
Device Model:     ST12000NM001G-2MV103
Serial Number:    ZTN0KMTM
User Capacity:    12,000,138,625,024 bytes [12.0 TB]
------------ This hdd is ok next coming ------------
------------ This hdd is sdg ------------
Device Model:     ST12000NM001G-2MV103
Serial Number:    ZTN0L18V
User Capacity:    12,000,138,625,024 bytes [12.0 TB]
------------ This hdd is ok next coming ------------
------------ This hdd is sdh ------------
Device Model:     ST12000NM001G-2MV103
Serial Number:    ZTN0KL2R
User Capacity:    12,000,138,625,024 bytes [12.0 TB]
------------ This hdd is ok next coming ------------
------------ This hdd is sdi ------------
Device Model:     ST12000NM001G-2MV103
Serial Number:    ZTN0KKY5
User Capacity:    12,000,138,625,024 bytes [12.0 TB]
------------ This hdd is ok next coming ------------
------------ This hdd is sdj ------------
Device Model:     ST12000NM001G-2MV103
Serial Number:    ZTN0KKXA
User Capacity:    12,000,138,625,024 bytes [12.0 TB]
------------ This hdd is ok next coming ------------
------------ This hdd is sdk ------------
Device Model:     ST12000NM001G-2MV103
Serial Number:    ZS806MAJ
User Capacity:    12,000,138,625,024 bytes [12.0 TB]
------------ This hdd is ok next coming ------------
------------ This hdd is sdl ------------
Device Model:     ST12000NM001G-2MV103
Serial Number:    ZTN0KPD5
User Capacity:    12,000,138,625,024 bytes [12.0 TB]
------------ This hdd is ok next coming ------------
------------ The network number is 3 ------------
       logical name: enp24s0f0
['MT27710 Family [ConnectX-4 Lx]']
Mellanox Technologies
['10Gbit/s']
------------ next one -------------
       logical name: enp24s0f1
['MT27710 Family [ConnectX-4 Lx]']
Mellanox Technologies
['10Gbit/s']
------------ next one -------------
       logical name: enp59s0f0
['MT27710 Family [ConnectX-4 Lx]']
Mellanox Technologies
['10Gbit/s']
------------ next one -------------
       logical name: enp59s0f1
['MT27710 Family [ConnectX-4 Lx]']
Mellanox Technologies
['10Gbit/s']
------------ next one -------------
       logical name: enp62s0f2
['Ethernet Connection X722 for 1GbE']
Intel Corporation
['1Gbit/s']
------------ next one -------------
       logical name: enp62s0f3
['Ethernet Connection X722 for 1GbE']
Intel Corporation
------------ next one -------------
------------ The cpu physical number have 2 ------------
------------ cpu info come ------------
	Socket Designation: CPU0
	Manufacturer: Intel(R) Corporation
	Version: Intel(R) Xeon(R) Silver 4210 CPU @ 2.20GHz
	Current Speed: 2200 MHz
The cpu core number is 	Core Count: 10
	Thread Count: 20
------------ The cpu is ok next is coming ------------
	Socket Designation: CPU1
	Manufacturer: Intel(R) Corporation
	Version: Intel(R) Xeon(R) Silver 4210 CPU @ 2.20GHz
	Current Speed: 2200 MHz
The cpu core number is 	Core Count: 10
	Thread Count: 20
------------ The cpu is ok next is coming ------------
------------ The cpu physical number have 2 ------------
------------ cpu info come ------------
	Socket Designation: CPU0
	Manufacturer: Intel(R) Corporation
	Version: Intel(R) Xeon(R) Silver 4210 CPU @ 2.20GHz
	Current Speed: 2200 MHz
The cpu core number is 	Core Count: 10
	Thread Count: 20
------------ The cpu is ok next is coming ------------
	Socket Designation: CPU1
	Manufacturer: Intel(R) Corporation
	Version: Intel(R) Xeon(R) Silver 4210 CPU @ 2.20GHz
	Current Speed: 2200 MHz
The cpu core number is 	Core Count: 10
	Thread Count: 20
------------ The cpu is ok next is coming ------------
------------ The hdd number count is 12 ------------
------------ This hdd is sda ------------
Device Model:     SAMSUNG MZ7LH480HAHQ-00005
Serial Number:    S45PNA0N211742
User Capacity:    480,103,981,056 bytes [480 GB]
------------ This hdd is ok next coming ------------
------------ This hdd is sdb ------------
Device Model:     SAMSUNG MZ7LH480HAHQ-00005
Serial Number:    S45PNA0N363195
User Capacity:    480,103,981,056 bytes [480 GB]
------------ This hdd is ok next coming ------------
------------ This hdd is sdc ------------
Device Model:     ST12000NM001G-2MV103
Serial Number:    ZTN0KL5D
User Capacity:    12,000,138,625,024 bytes [12.0 TB]
------------ This hdd is ok next coming ------------
------------ This hdd is sdd ------------
Device Model:     ST12000NM001G-2MV103
Serial Number:    ZS806NBZ
User Capacity:    12,000,138,625,024 bytes [12.0 TB]
------------ This hdd is ok next coming ------------
------------ This hdd is sde ------------
Device Model:     ST12000NM001G-2MV103
Serial Number:    ZTN0KMWR
User Capacity:    12,000,138,625,024 bytes [12.0 TB]
------------ This hdd is ok next coming ------------
------------ This hdd is sdf ------------
Device Model:     ST12000NM001G-2MV103
Serial Number:    ZTN0KMTM
User Capacity:    12,000,138,625,024 bytes [12.0 TB]
------------ This hdd is ok next coming ------------
------------ This hdd is sdg ------------
Device Model:     ST12000NM001G-2MV103
Serial Number:    ZTN0L18V
User Capacity:    12,000,138,625,024 bytes [12.0 TB]
------------ This hdd is ok next coming ------------
------------ This hdd is sdh ------------
Device Model:     ST12000NM001G-2MV103
Serial Number:    ZTN0KL2R
User Capacity:    12,000,138,625,024 bytes [12.0 TB]
------------ This hdd is ok next coming ------------
------------ This hdd is sdi ------------
Device Model:     ST12000NM001G-2MV103
Serial Number:    ZTN0KKY5
User Capacity:    12,000,138,625,024 bytes [12.0 TB]
------------ This hdd is ok next coming ------------
------------ This hdd is sdj ------------
Device Model:     ST12000NM001G-2MV103
Serial Number:    ZTN0KKXA
User Capacity:    12,000,138,625,024 bytes [12.0 TB]
------------ This hdd is ok next coming ------------
------------ This hdd is sdk ------------
Device Model:     ST12000NM001G-2MV103
Serial Number:    ZS806MAJ
User Capacity:    12,000,138,625,024 bytes [12.0 TB]
------------ This hdd is ok next coming ------------
------------ This hdd is sdl ------------
Device Model:     ST12000NM001G-2MV103
Serial Number:    ZTN0KPD5
User Capacity:    12,000,138,625,024 bytes [12.0 TB]
------------ This hdd is ok next coming ------------
------------ The network number is 3 ------------
       logical name: enp24s0f0
['MT27710 Family [ConnectX-4 Lx]']
Mellanox Technologies
['10Gbit/s']
------------ next one -------------
       logical name: enp24s0f1
['MT27710 Family [ConnectX-4 Lx]']
Mellanox Technologies
['10Gbit/s']
------------ next one -------------
       logical name: enp59s0f0
['MT27710 Family [ConnectX-4 Lx]']
Mellanox Technologies
['10Gbit/s']
------------ next one -------------
       logical name: enp59s0f1
['MT27710 Family [ConnectX-4 Lx]']
Mellanox Technologies
['10Gbit/s']
------------ next one -------------
       logical name: enp62s0f2
['Ethernet Connection X722 for 1GbE']
Intel Corporation
['1Gbit/s']
------------ next one -------------
       logical name: enp62s0f3
['Ethernet Connection X722 for 1GbE']
Intel Corporation
------------ next one -------------
