------------ The cpu physical number have 2 ------------
------------ cpu info come ------------
	Socket Designation: CPU0
	Manufacturer: Intel(R) Corporation
	Version: Intel(R) Xeon(R) Silver 4210 CPU @ 2.20GHz
	Current Speed: 2200 MHz
The cpu core number is 	Core Count: 10
	Thread Count: 20
------------ The cpu is ok next is coming ------------
	Socket Designation: CPU1
	Manufacturer: Intel(R) Corporation
	Version: Intel(R) Xeon(R) Silver 4210 CPU @ 2.20GHz
	Current Speed: 2200 MHz
The cpu core number is 	Core Count: 10
	Thread Count: 20
------------ The cpu is ok next is coming ------------
------------ The hdd number count is 12 ------------
------------ This hdd is sda ------------
Device Model:     SAMSUNG MZ7LH480HAHQ-00005
Serial Number:    S45PNA0N211742
User Capacity:    480,103,981,056 bytes [480 GB]
------------ This hdd is ok next coming ------------
------------ This hdd is sdb ------------
Device Model:     SAMSUNG MZ7LH480HAHQ-00005
Serial Number:    S45PNA0N363195
User Capacity:    480,103,981,056 bytes [480 GB]
------------ This hdd is ok next coming ------------
------------ This hdd is sdc ------------
Device Model:     ST12000NM001G-2MV103
Serial Number:    ZTN0KL5D
User Capacity:    12,000,138,625,024 bytes [12.0 TB]
------------ This hdd is ok next coming ------------
------------ This hdd is sdd ------------
Device Model:     ST12000NM001G-2MV103
Serial Number:    ZS806NBZ
User Capacity:    12,000,138,625,024 bytes [12.0 TB]
------------ This hdd is ok next coming ------------
------------ This hdd is sde ------------
Device Model:     ST12000NM001G-2MV103
Serial Number:    ZTN0KMWR
User Capacity:    12,000,138,625,024 bytes [12.0 TB]
------------ This hdd is ok next coming ------------
------------ This hdd is sdf ------------
Device Model:     ST12000NM001G-2MV103
Serial Number:    ZTN0KMTM
User Capacity:    12,000,138,625,024 bytes [12.0 TB]
------------ This hdd is ok next coming ------------
------------ This hdd is sdg ------------
Device Model:     ST12000NM001G-2MV103
Serial Number:    ZTN0L18V
User Capacity:    12,000,138,625,024 bytes [12.0 TB]
------------ This hdd is ok next coming ------------
------------ This hdd is sdh ------------
Device Model:     ST12000NM001G-2MV103
Serial Number:    ZTN0KL2R
User Capacity:    12,000,138,625,024 bytes [12.0 TB]
------------ This hdd is ok next coming ------------
------------ This hdd is sdi ------------
Device Model:     ST12000NM001G-2MV103
Serial Number:    ZTN0KKY5
User Capacity:    12,000,138,625,024 bytes [12.0 TB]
------------ This hdd is ok next coming ------------
------------ This hdd is sdj ------------
Device Model:     ST12000NM001G-2MV103
Serial Number:    ZTN0KKXA
User Capacity:    12,000,138,625,024 bytes [12.0 TB]
------------ This hdd is ok next coming ------------
------------ This hdd is sdk ------------
Device Model:     ST12000NM001G-2MV103
Serial Number:    ZS806MAJ
User Capacity:    12,000,138,625,024 bytes [12.0 TB]
------------ This hdd is ok next coming ------------
------------ This hdd is sdl ------------
Device Model:     ST12000NM001G-2MV103
Serial Number:    ZTN0KPD5
User Capacity:    12,000,138,625,024 bytes [12.0 TB]
------------ This hdd is ok next coming ------------
------------ The network number is 3 ------------
       logical name: enp24s0f0
MT27710 Family [ConnectX-4 Lx]
Mellanox Technologies
['10Gbit/s']
------------ next one -------------
       logical name: enp24s0f1
MT27710 Family [ConnectX-4 Lx]
Mellanox Technologies
['10Gbit/s']
------------ next one -------------
       logical name: enp59s0f0
MT27710 Family [ConnectX-4 Lx]
Mellanox Technologies
['10Gbit/s']
------------ next one -------------
       logical name: enp59s0f1
MT27710 Family [ConnectX-4 Lx]
Mellanox Technologies
['10Gbit/s']
------------ next one -------------
       logical name: enp62s0f2
Ethernet Connection X722 for 1GbE
Intel Corporation
['1Gbit/s']
------------ next one -------------
       logical name: enp62s0f3
Ethernet Connection X722 for 1GbE
Intel Corporation
------------ next one -------------
       logical name: docker0
------------ The network number is 3 ------------
       logical name: enp24s0f0
MT27710 Family [ConnectX-4 Lx]
Mellanox Technologies
['10Gbit/s']
------------ next one -------------
       logical name: enp24s0f1
MT27710 Family [ConnectX-4 Lx]
Mellanox Technologies
['10Gbit/s']
------------ next one -------------
       logical name: enp59s0f0
MT27710 Family [ConnectX-4 Lx]
Mellanox Technologies
['10Gbit/s']
------------ next one -------------
       logical name: enp59s0f1
MT27710 Family [ConnectX-4 Lx]
Mellanox Technologies
['10Gbit/s']
------------ next one -------------
       logical name: enp62s0f2
Ethernet Connection X722 for 1GbE
Intel Corporation
['1Gbit/s']
------------ next one -------------
       logical name: enp62s0f3
Ethernet Connection X722 for 1GbE
Intel Corporation
------------ next one -------------
       logical name: docker0
------------ The network number is 3 ------------
       logical name: enp24s0f0
['MT27710 Family [ConnectX-4 Lx]']
Mellanox Technologies
['10Gbit/s']
------------ next one -------------
       logical name: enp24s0f1
['MT27710 Family [ConnectX-4 Lx]']
Mellanox Technologies
['10Gbit/s']
------------ next one -------------
       logical name: enp59s0f0
['MT27710 Family [ConnectX-4 Lx]']
Mellanox Technologies
['10Gbit/s']
------------ next one -------------
       logical name: enp59s0f1
['MT27710 Family [ConnectX-4 Lx]']
Mellanox Technologies
['10Gbit/s']
------------ next one -------------
       logical name: enp62s0f2
['Ethernet Connection X722 for 1GbE']
Intel Corporation
['1Gbit/s']
------------ next one -------------
       logical name: enp62s0f3
['Ethernet Connection X722 for 1GbE']
Intel Corporation
------------ next one -------------
       logical name: docker0
[]
------------ The network number is 3 ------------
       logical name: enp24s0f0
------------ The network number is 3 ------------
       logical name: enp24s0f0
------------ The network number is 3 ------------
       logical name: enp24s0f0
------------ The cpu physical number have 2 ------------
------------ cpu info come ------------
	Socket Designation: CPU0
	Manufacturer: Intel(R) Corporation
	Version: Intel(R) Xeon(R) Silver 4210 CPU @ 2.20GHz
	Current Speed: 2200 MHz
The cpu core number is 	Core Count: 10
	Thread Count: 20
------------ The cpu is ok next is coming ------------
	Socket Designation: CPU1
	Manufacturer: Intel(R) Corporation
	Version: Intel(R) Xeon(R) Silver 4210 CPU @ 2.20GHz
	Current Speed: 2200 MHz
The cpu core number is 	Core Count: 10
	Thread Count: 20
------------ The cpu is ok next is coming ------------
------------ The network number is 3 ------------
       logical name: enp24s0f0
------------ The network number is 3 ------------
       logical name: enp24s0f0
['MT27710 Family [ConnectX-4 Lx]']
Mellanox Technologies
['10Gbit/s']
------------ next one -------------
       logical name: enp24s0f1
['MT27710 Family [ConnectX-4 Lx]']
Mellanox Technologies
['10Gbit/s']
------------ next one -------------
       logical name: enp59s0f0
['MT27710 Family [ConnectX-4 Lx]']
Mellanox Technologies
['10Gbit/s']
------------ next one -------------
       logical name: enp59s0f1
['MT27710 Family [ConnectX-4 Lx]']
Mellanox Technologies
['10Gbit/s']
------------ next one -------------
       logical name: enp62s0f2
['Ethernet Connection X722 for 1GbE']
Intel Corporation
['1Gbit/s']
------------ next one -------------
       logical name: enp62s0f3
['Ethernet Connection X722 for 1GbE']
Intel Corporation
------------ next one -------------
------------ The hdd number count is 12 ------------
------------ This hdd is sda ------------
Device Model:     SAMSUNG MZ7LH480HAHQ-00005
Serial Number:    S45PNA0N211742
User Capacity:    480,103,981,056 bytes [480 GB]
------------ This hdd is ok next coming ------------
------------ This hdd is sdb ------------
Device Model:     SAMSUNG MZ7LH480HAHQ-00005
Serial Number:    S45PNA0N363195
User Capacity:    480,103,981,056 bytes [480 GB]
------------ This hdd is ok next coming ------------
------------ This hdd is sdc ------------
Device Model:     ST12000NM001G-2MV103
Serial Number:    ZTN0KL5D
User Capacity:    12,000,138,625,024 bytes [12.0 TB]
------------ This hdd is ok next coming ------------
------------ This hdd is sdd ------------
Device Model:     ST12000NM001G-2MV103
Serial Number:    ZS806NBZ
User Capacity:    12,000,138,625,024 bytes [12.0 TB]
------------ This hdd is ok next coming ------------
------------ This hdd is sde ------------
Device Model:     ST12000NM001G-2MV103
Serial Number:    ZTN0KMWR
User Capacity:    12,000,138,625,024 bytes [12.0 TB]
------------ This hdd is ok next coming ------------
------------ This hdd is sdf ------------
Device Model:     ST12000NM001G-2MV103
Serial Number:    ZTN0KMTM
User Capacity:    12,000,138,625,024 bytes [12.0 TB]
------------ This hdd is ok next coming ------------
------------ This hdd is sdg ------------
Device Model:     ST12000NM001G-2MV103
Serial Number:    ZTN0L18V
User Capacity:    12,000,138,625,024 bytes [12.0 TB]
------------ This hdd is ok next coming ------------
------------ This hdd is sdh ------------
Device Model:     ST12000NM001G-2MV103
Serial Number:    ZTN0KL2R
User Capacity:    12,000,138,625,024 bytes [12.0 TB]
------------ This hdd is ok next coming ------------
------------ This hdd is sdi ------------
Device Model:     ST12000NM001G-2MV103
Serial Number:    ZTN0KKY5
User Capacity:    12,000,138,625,024 bytes [12.0 TB]
------------ This hdd is ok next coming ------------
------------ This hdd is sdj ------------
Device Model:     ST12000NM001G-2MV103
Serial Number:    ZTN0KKXA
User Capacity:    12,000,138,625,024 bytes [12.0 TB]
------------ This hdd is ok next coming ------------
------------ This hdd is sdk ------------
Device Model:     ST12000NM001G-2MV103
Serial Number:    ZS806MAJ
User Capacity:    12,000,138,625,024 bytes [12.0 TB]
------------ This hdd is ok next coming ------------
------------ This hdd is sdl ------------
Device Model:     ST12000NM001G-2MV103
Serial Number:    ZTN0KPD5
User Capacity:    12,000,138,625,024 bytes [12.0 TB]
------------ This hdd is ok next coming ------------
------------ The cpu physical number have 2 ------------
------------ cpu info come ------------
	Socket Designation: CPU0
	Manufacturer: Intel(R) Corporation
	Version: Intel(R) Xeon(R) Silver 4210 CPU @ 2.20GHz
	Current Speed: 2200 MHz
The cpu core number is 	Core Count: 10
	Thread Count: 20
------------ The cpu is ok next is coming ------------
	Socket Designation: CPU1
	Manufacturer: Intel(R) Corporation
	Version: Intel(R) Xeon(R) Silver 4210 CPU @ 2.20GHz
	Current Speed: 2200 MHz
The cpu core number is 	Core Count: 10
	Thread Count: 20
------------ The cpu is ok next is coming ------------
------------ The hdd number count is 12 ------------
------------ This hdd is sda ------------
Device Model:     SAMSUNG MZ7LH480HAHQ-00005
Serial Number:    S45PNA0N211742
User Capacity:    480,103,981,056 bytes [480 GB]
------------ This hdd is ok next coming ------------
------------ This hdd is sdb ------------
Device Model:     SAMSUNG MZ7LH480HAHQ-00005
Serial Number:    S45PNA0N363195
User Capacity:    480,103,981,056 bytes [480 GB]
------------ This hdd is ok next coming ------------
------------ This hdd is sdc ------------
Device Model:     ST12000NM001G-2MV103
Serial Number:    ZTN0KL5D
User Capacity:    12,000,138,625,024 bytes [12.0 TB]
------------ This hdd is ok next coming ------------
------------ This hdd is sdd ------------
Device Model:     ST12000NM001G-2MV103
Serial Number:    ZS806NBZ
User Capacity:    12,000,138,625,024 bytes [12.0 TB]
------------ This hdd is ok next coming ------------
------------ This hdd is sde ------------
Device Model:     ST12000NM001G-2MV103
Serial Number:    ZTN0KMWR
User Capacity:    12,000,138,625,024 bytes [12.0 TB]
------------ This hdd is ok next coming ------------
------------ This hdd is sdf ------------
Device Model:     ST12000NM001G-2MV103
Serial Number:    ZTN0KMTM
User Capacity:    12,000,138,625,024 bytes [12.0 TB]
------------ This hdd is ok next coming ------------
------------ This hdd is sdg ------------
Device Model:     ST12000NM001G-2MV103
Serial Number:    ZTN0L18V
User Capacity:    12,000,138,625,024 bytes [12.0 TB]
------------ This hdd is ok next coming ------------
------------ This hdd is sdh ------------
Device Model:     ST12000NM001G-2MV103
Serial Number:    ZTN0KL2R
User Capacity:    12,000,138,625,024 bytes [12.0 TB]
------------ This hdd is ok next coming ------------
------------ This hdd is sdi ------------
Device Model:     ST12000NM001G-2MV103
Serial Number:    ZTN0KKY5
User Capacity:    12,000,138,625,024 bytes [12.0 TB]
------------ This hdd is ok next coming ------------
------------ This hdd is sdj ------------
Device Model:     ST12000NM001G-2MV103
Serial Number:    ZTN0KKXA
User Capacity:    12,000,138,625,024 bytes [12.0 TB]
------------ This hdd is ok next coming ------------
------------ This hdd is sdk ------------
Device Model:     ST12000NM001G-2MV103
Serial Number:    ZS806MAJ
User Capacity:    12,000,138,625,024 bytes [12.0 TB]
------------ This hdd is ok next coming ------------
------------ This hdd is sdl ------------
Device Model:     ST12000NM001G-2MV103
Serial Number:    ZTN0KPD5
User Capacity:    12,000,138,625,024 bytes [12.0 TB]
------------ This hdd is ok next coming ------------
------------ The network number is 3 ------------
       logical name: enp24s0f0
['MT27710 Family [ConnectX-4 Lx]']
Mellanox Technologies
['10Gbit/s']
------------ next one -------------
       logical name: enp24s0f1
['MT27710 Family [ConnectX-4 Lx]']
Mellanox Technologies
['10Gbit/s']
------------ next one -------------
       logical name: enp59s0f0
['MT27710 Family [ConnectX-4 Lx]']
Mellanox Technologies
['10Gbit/s']
------------ next one -------------
       logical name: enp59s0f1
['MT27710 Family [ConnectX-4 Lx]']
Mellanox Technologies
['10Gbit/s']
------------ next one -------------
       logical name: enp62s0f2
['Ethernet Connection X722 for 1GbE']
Intel Corporation
['1Gbit/s']
------------ next one -------------
       logical name: enp62s0f3
['Ethernet Connection X722 for 1GbE']
Intel Corporation
------------ next one -------------
------------ The cpu physical number have 2 ------------
------------ cpu info come ------------
	Socket Designation: CPU0
	Manufacturer: Intel(R) Corporation
	Version: Intel(R) Xeon(R) Silver 4210 CPU @ 2.20GHz
	Current Speed: 2200 MHz
The cpu core number is 	Core Count: 10
	Thread Count: 20
------------ The cpu is ok next is coming ------------
	Socket Designation: CPU1
	Manufacturer: Intel(R) Corporation
	Version: Intel(R) Xeon(R) Silver 4210 CPU @ 2.20GHz
	Current Speed: 2200 MHz
The cpu core number is 	Core Count: 10
	Thread Count: 20
------------ The cpu is ok next is coming ------------
------------ The hdd number count is 12 ------------
------------ This hdd is sda ------------
Device Model:     SAMSUNG MZ7LH480HAHQ-00005
Serial Number:    S45PNA0N211742
User Capacity:    480,103,981,056 bytes [480 GB]
------------ This hdd is ok next coming ------------
------------ This hdd is sdb ------------
Device Model:     SAMSUNG MZ7LH480HAHQ-00005
Serial Number:    S45PNA0N363195
User Capacity:    480,103,981,056 bytes [480 GB]
------------ This hdd is ok next coming ------------
------------ This hdd is sdc ------------
Device Model:     ST12000NM001G-2MV103
Serial Number:    ZTN0KL5D
User Capacity:    12,000,138,625,024 bytes [12.0 TB]
------------ This hdd is ok next coming ------------
------------ This hdd is sdd ------------
Device Model:     ST12000NM001G-2MV103
Serial Number:    ZS806NBZ
User Capacity:    12,000,138,625,024 bytes [12.0 TB]
------------ This hdd is ok next coming ------------
------------ This hdd is sde ------------
Device Model:     ST12000NM001G-2MV103
Serial Number:    ZTN0KMWR
User Capacity:    12,000,138,625,024 bytes [12.0 TB]
------------ This hdd is ok next coming ------------
------------ This hdd is sdf ------------
Device Model:     ST12000NM001G-2MV103
Serial Number:    ZTN0KMTM
User Capacity:    12,000,138,625,024 bytes [12.0 TB]
------------ This hdd is ok next coming ------------
------------ This hdd is sdg ------------
Device Model:     ST12000NM001G-2MV103
Serial Number:    ZTN0L18V
User Capacity:    12,000,138,625,024 bytes [12.0 TB]
------------ This hdd is ok next coming ------------
------------ This hdd is sdh ------------
Device Model:     ST12000NM001G-2MV103
Serial Number:    ZTN0KL2R
User Capacity:    12,000,138,625,024 bytes [12.0 TB]
------------ This hdd is ok next coming ------------
------------ This hdd is sdi ------------
Device Model:     ST12000NM001G-2MV103
Serial Number:    ZTN0KKY5
User Capacity:    12,000,138,625,024 bytes [12.0 TB]
------------ This hdd is ok next coming ------------
------------ This hdd is sdj ------------
Device Model:     ST12000NM001G-2MV103
Serial Number:    ZTN0KKXA
User Capacity:    12,000,138,625,024 bytes [12.0 TB]
------------ This hdd is ok next coming ------------
------------ This hdd is sdk ------------
Device Model:     ST12000NM001G-2MV103
Serial Number:    ZS806MAJ
User Capacity:    12,000,138,625,024 bytes [12.0 TB]
------------ This hdd is ok next coming ------------
------------ This hdd is sdl ------------
Device Model:     ST12000NM001G-2MV103
Serial Number:    ZTN0KPD5
User Capacity:    12,000,138,625,024 bytes [12.0 TB]
------------ This hdd is ok next coming ------------
------------ The network number is 3 ------------
       logical name: enp24s0f0
['MT27710 Family [ConnectX-4 Lx]']
Mellanox Technologies
['10Gbit/s']
------------ next one -------------
       logical name: enp24s0f1
['MT27710 Family [ConnectX-4 Lx]']
Mellanox Technologies
['10Gbit/s']
------------ next one -------------
       logical name: enp59s0f0
['MT27710 Family [ConnectX-4 Lx]']
Mellanox Technologies
['10Gbit/s']
------------ next one -------------
       logical name: enp59s0f1
['MT27710 Family [ConnectX-4 Lx]']
Mellanox Technologies
['10Gbit/s']
------------ next one -------------
       logical name: enp62s0f2
['Ethernet Connection X722 for 1GbE']
Intel Corporation
['1Gbit/s']
------------ next one -------------
       logical name: enp62s0f3
['Ethernet Connection X722 for 1GbE']
Intel Corporation
------------ next one -------------
=============  CPU MCE Check Begin  2022-05-16 17:51:10 ================
{'comand': 'ras-mc-ctl --summary', 'cmd_infor': 'No Memory errors.\n\nNo PCIe AER errors.\n\nNo Extlog errors.\nNo MCE errors.'}
==============  CPU MCE Check End  2022-05-16 17:51:10 =================
->>> CPU MCE PASS 
=============  MEM ECC Check Begin  2022-05-16 17:51:15 ================
{'comand': 'ipmitool sel list', 'cmd_infor': 'SEL has no entries'}
==============  MEM ECC Check End  2022-05-16 17:51:15 =================
->>> MEM ECC PASS 
